history 修改為成就係統，+獎勵

勳章及涉及到的研究等都需要修改
condition 需要 rp

sj的運鏢
火鳥       朱雀  魔法技能  不考慮任何防禦 直接對對方進行氣血 和 精 傷害

新增fy的boss仇恨系統
神龜       玄武  防禦技能  除神器級武器 所有傷害減到 1/10 神器 1/2

翼虎       白虎   戰鬥技能  除玄武盔甲外 幾率忽視任何因素 直接通過自身功夫傷害對方

巨蟒(毒)   青龍 恢復技能  通過吸收天地精華來補充自身氣血 精 內力 (氣血小於50% 一定幾率全恢復) random(num)==1 才能死亡 否則氣血全滿

天使 奉獻技能(氣血小於50%)  幾率激發自己的潛力給與對方最大的傷害 自身傷害一半 對方傷害乘三

幽靈        隱身技能 一定時間範圍類忽視任何物理攻擊

吸血鬼    吸血技能(氣血小於50%)  幾率吸取對方的血來補充自身的氣血


火焰微粒和土之微粒
生命微粒
一：黑暗森林   (此區域可得白虎套裝套件 B001)
二：赤月沙漠   (此區域可得玄武套裝套件 D001)
三：幽煞天空   (此區域可得朱雀套裝套件 C001)
四：魔血海洋   (此區域可得青龍套裝套件 A001)
五：地下城     (此區域可得疾風套裝全套 Z001-Z008)
六：討伐試練場 (此區域可得各區域入場證明 )

不符合或未達到等級要求的裝備，look 時候其屬性文字會變成紅色。 ;當裝備不符合或未達到等級要求時，其屬性文字會變成紅色。

粗製品質 ;普通品質 ;精製品質 ;珍稀品質 ;史詩 ;傳說(色彩未決定) ;神器(色彩未決定) ;
等級1時可以裝備裝備的部位：胸部，襯衣，手部，腿部，腳部，腰部，腕部 ;較高等級可以裝備物品的部位：肩部/手指，頭部/頸部，飾物
武魂，石化，輪迴，錘子，薔薇草
發揮先天技能的作用
給經絡學加個pfm,可以在戰鬥中造成一個效果
riddle, 顯示謎題


你不妨四處看看(look)。地上有什麼東西你都可以撿起來
    (get)收著。你可以先查查(i or inventory)看你現在身上有些什
    麼。你要不時地查查(hp)你的身體狀態，要是餓了或渴了就去找
    些吃的喝的吧。你要是有什麼問題可以問我。
    


佛家六字真言
道家九秘



戰神訣
後綴為“金”的套裝增加法術攻擊。
        後綴為“木”的套裝增加氣血上限。
        後綴為“水”的套裝增加防禦。
        後綴為“火”的套裝增加速度。
        後綴為“土”的套裝增加物理攻擊。

混沌界 - 
    這裡的一切都顯得混亂而沒有規則，就連四周的空氣也在不停地翻
騰。無盡的黑暗似乎也在湧動著，準備吞噬掉你身後僅有的那麼一絲光
亮。據說，這裡是超越六道三界的地方，是萬物眾生的開始，也是一切
生命最後終結的地方。
    這裡明顯的出口是 enter 和 back。
> enter
混沌界 - 
    這裡的一切都顯得混亂而沒有規則，就連四周的空氣也在不停地翻
騰。據說，魔獸「混沌」的靈魂就沉睡在這裡，它夢中的景象會在這裡
以傀儡的方式出現。你注意到半空之中有一個酒杯狀的光環。
    這裡唯一的出口是 back。

> 一團團的翻滾的黑霧漸漸將你身後的光線完全吞沒，將你的一切捲入了混沌之中 ... 
混沌界 - 
    這裡的一切彷彿都超越了感覺，沒有聲音，沒有溫度，有的只是無
盡的黑暗和異常平靜的你 ...
    這裡唯一的出口是 back。
  冷月殘星(Ally)

試煉場
1. bunch setroom 新增參數 storehouse
   storehouse 提供以下指令：
   1. list    查看當前物品
   2. store   存入物品
   3. take    取出物品
   4. setup item 編號 需要的貢獻點數 來設定。
   5. setup level 職位數字 設定最低存取職位。
   6. exchange 使用貢獻點兌換物品。



[ 編號： 51 ] [ 作者：      曲非煙(xephon) ] [ 時間：Sat Sep 24 ]
[ 標題：高昌迷宮副本                                            ]
—————————————[Content-]——————————————
副本中文名稱：高昌迷宮
副本英文名稱：gaochang
副本任務簡述：聽聞高昌迷宮藏有數不盡的珍珠寶貝，大量武林中人紛紛進去尋寶
可是過去的人都再沒有回來了，謠傳這是因為有一隻千年惡鬼於其中

副本非玩家生物列表：

                「一指震江南」華輝 (hua fei)
                此人本為一武林好手，惜受人所害，中了三枚毒針後以致武功全失
                此人猜忌之心極重，又陰險奸詐，不知道出現在高昌迷宮是想圖謀什麼....

                千年惡鬼 (ghost)
                自稱已在宮□住了一千年，只要一見有人在高昌迷宮逗留
                便會格殺之

                「青蟒劍」陳達海  (chen dahai)
                漢人強盜頭領，呂梁三傑的老三，「青蟒劍」陳達海
                一直苦苦追尋高昌迷宮的寶藏

                漢人強盜 (bandit)
                陳達海所帶來的漢人強盜，對高昌迷宮的寶藏可渴望得很
                要是誰敢在他們虎口上奪食，他們定必反撲到底
                哈薩克勇士(kazakh fighter)
                哈薩克人中的勇士，武藝高強，比之漢人強盜亦只略遜三分
                他們對漢人排斥得很，要是那個漢人有種指染高昌迷宮，他們即使拼命也會到底

                哈薩克人 (kazakh)
                哈薩克部落的青年，追隨哈薩克勇士而來迷宮中探險
                他們敵視漢人得很，小心別招惹他們

副本任務物品列表：
    金線手絹：實為高昌迷宮的地圖
    黑色毒針：華輝的獨門暗器，當世只有華輝和馬家駿會使用

副本故事劇情詳述：
進入副本後，華輝會求你替他拔出毒針，一共需拔三次
之後華輝會希望你取得金線手絹，金線手絹於陳達海手中
回報後千年惡鬼出現在隨機地方，擊殺千年惡鬼後得黑色毒針
交出黑色毒針後得知千年惡鬼實為其徒馬家駿，並華輝開始攻擊玩家
擊殺華輝後任務完成，高昌迷宮寶藏庫開啟

高昌迷宮寶藏為隱藏maze，□面什麼都沒有
進入者可隨機得到exp、pot或體會
幸運的話□面還可以找到寶箱，得到一些稀有的物品



[ 編號： 52 ] [ 作者：         段江山(yjs) ] [ 時間：Tue Sep 27 ]
[ 標題：殺敖拜 副本                                             ]
—————————————[Content-]——————————————
副本中文名稱：皇宮大牢
副本英文名稱：huanggongdalao
副本任務簡述：聽聞門人們正伺機營救被囚於皇宮大牢的□拜。
副本非玩家生物列表：
                    小喇嘛(xiao lama)
                    這是一個矮小喇嘛，為□拜門下初級第子，
                    兩臂粗壯，膀闊腰圓，似乎不是中土人士。
                    大喇嘛(da lama)
                    這是一個高大喇嘛，為□拜門下高級第子，
                    兩臂粗壯，膀闊腰圓，似乎不是中土人士。
                    護法喇嘛(hufa lama)
                    這是一個壯碩喇嘛，為□拜門下六大護法之一，
                    兩臂粗壯，膀闊腰圓，似乎不是中土人士。
                    當朝第一大臣「滿洲第一勇士」□拜(ao bai)
                    他就是滿洲第一勇士，身材魁梧，相貌猙獰，
                    雖然身穿囚服，仍看得出其太陽穴高高鼓起，似乎身懷絕世武功。
副本任務物品列表：無
副本故事劇情詳述：過程中會顯示□拜已逼出身上第幾根神龍刺以提醒玩家，
在□拜逼出身上九根神龍刺之前，闖入大牢中清除所有喇嘛，並殺掉□拜，
當□拜已逼出身上第九根神龍刺，則此次任務失敗，□拜已順利逃離。

補充：或許可以根據□拜逼出的神龍刺數目增強□拜的攻擊力，應該能更有挑戰性。



副本中文名稱：萬劫谷
副本英文名稱：wanjiegu
副本任務簡述：消滅四大惡人。
副本非玩家生物列表：

·「惡貫滿盈」段延慶(duan yan qing)

段延慶穿著青袍，長鬚垂胸，面目漆黑，一雙眼睜大大，湛湛有神。位於天下四大惡人的頂點、人稱「惡貰滿盈」的男人。

·「無惡不作」葉二孃(ye er niang)

葉二孃頗有姿色，左右臉頰上卻各有三道血痕。年輕時葉二孃本來是個好好的姑娘，溫柔美貌，端莊貞淑。

·「凶神惡煞」嶽老三(yue lao san)

擅使鱷嘴剪及鱷尾鞭，時剛猛一路的武功，可以輕易地一下將人一剪為二，他天生力大無窮、身形龐大，但輕功也只僅遜於雲中鶴。

·「窮兇極惡」雲中鶴(yun zhong he)

四大惡人之四，號「窮兇極惡」，好色之徒。自稱貌似宋玉。

· 兇徒(xiong tu)

 一個惡人谷兇徒，身材魁梧，滿臉殺氣，一付凶神惡煞的模樣。

·段譽(duan yu)

大理段氏之後，父親段正淳，母親刀白鳳，實為段延慶所生。與蕭峰、虛竹為結義兄弟。

副本任務物品列表：無
副本故事劇情詳述：
找到段正淳接任務。
段譽被四大惡人抓進了萬劫谷你去萬劫谷中打探段譽的消息，並派華赫艮來協助你的行動。
副本區域列表：

A. 進入副本的房間：
萬劫谷入口 -
    這裡黑沉沉的，即無一絲光亮，也無半分聲息。黑暗中依稀可以
看到身邊似乎有幾個人影，看到你轉過頭去，他們立刻屏住呼吸，緊
張地瞪著你。四壁摸上去冰涼，且極硬，似乎都是鋼鐵鑄成。

B. 副本起點的房間：
萬劫谷 -
    這裡黑沉沉的，即無一絲光亮，也無半分聲息。黑暗中依稀可以
看到身邊似乎有幾個人影，看到你轉過頭去，他們立刻屏住呼吸，緊
張地瞪著你。四壁摸上去冰涼，且極硬，似乎都是鋼鐵鑄成。

C. 副本內的普通房間：
    這裡黑沉沉的，即無一絲光亮，也無半分聲息。黑暗中依稀可以
看到身邊似乎有幾個人影，看到你轉過頭去，他們立刻屏住呼吸，緊
張地瞪著你。四壁摸上去冰涼，且極硬，似乎都是鋼鐵鑄成。
E. 副本終點的房間：
萬劫谷 - 
    這裡黑沉沉的，即無一絲光亮，也無半分聲息。黑暗中依稀可以
看到身邊似乎有幾個人影，看到你轉過頭去，他們立刻屏住呼吸，緊
張地瞪著你。四壁摸上去冰涼，且極硬，似乎都是鋼鐵鑄成。


F. 離開副本的房間：
萬劫谷出口 - 
    這裡黑沉沉的，即無一絲光亮，也無半分聲息。黑暗中依稀可以
看到身邊似乎有幾個人影，看到你轉過頭去，他們立刻屏住呼吸，緊
張地瞪著你。四壁摸上去冰涼，且極硬，似乎都是鋼鐵鑄成。
任務開始時----
找到段正淳接任務。段譽被四大惡人抓進了萬劫谷你去萬劫谷中打探段譽的消息，並派華赫艮來協助你的行動。玩家雖殺夠 10 只兇徒後, 「窮兇極惡」雲中鶴(此時的雲中鶴是弱的)會出現抱不平,把雲中鶴殺掉之後,雲中鶴用輕功逃走,玩家在尋找雲

中鶴時會遇到「凶神惡煞」嶽老三(就是說玩家雖找到嶽老三殺了之後雲中鶴找會出現),找到雲中鶴之後要把他殺死之時...「無惡不作」葉二孃,「惡貫滿盈」段延慶(此

時的葉二孃和段延慶是弱的只有雲中鶴不是弱)...會出手阻止。這時華赫艮會幫忙把三人擊退..之後再玩家再按次序把葉二孃段延慶殺掉順序殺掉...任務完成....report 

段譽
(副本途中會有兇徒這些主動攻擊NPC)




副本中文名稱：蒙古草原
副本英文名稱：menggucaoyuan
副本任務簡述：聽聞金輪法王在蒙古草原中帶領著許多弟子在活動。
副本非玩家生物列表：
                    蒙古密教金剛宗 入門弟子(rumen disciple)
                    (在此寫下二至三行的人物描述。)
                    蒙古密教金剛宗 中級弟子(zhongji disciple)
                    (在此寫下二至三行的人物描述。)
                    蒙古密教金剛宗 高級弟子(gaoji disciple)
                    (在此寫下二至三行的人物描述。)
                    蒙古密教金剛宗 護法(jingang zong hufa)
                    (在此寫下二至三行的人物描述。)
                    蒙古密教金剛宗 「蒙古國師」 金輪法王(jinlun fawang)
                    (在此寫下二至三行的人物描述。)

副本區域列表：

A. 進入副本的房間：
入谷小道 -
    雜亂的腳印、雨後的泥濘，一條略寬的小道出現在眼前，
小道兩旁的山壁高聳入天，常年遮蔽著陽光照射，讓這裡充斥
著一股陰寒的溫度。再往前走，就是花草遍佈的山谷，鮮豔的
花色和青翠的青草構成一幅如詩的畫，與此地之景大不相同。

B. 副本起點的房間：
入谷小道 -
    雜亂的腳印、雨後的泥濘，一條略寬的小道出現在眼前，
小道兩旁的山壁高聳入天，常年遮蔽著陽光照射，讓這裡充斥
著一股陰寒的溫度。再往前走，就是花草遍佈的山谷，鮮豔的
花色和青翠的青草構成一幅如詩的畫，與此地之景大不相同。

C. 副本內的普通房間：
    一陣微風吹過臉頰，陣陣花香隨風飄揚，香味中帶有一股
清新又著迷離的氣味，似乎有種讓人無法抗拒的吸引力。谷中
遍地花草，雖然每朵花都盛開綻放，展現著不同的風貌和美麗
，但往往美麗與危險都是並存的。這裡似乎與其他地方不同，
地上沒有任何的花花草草。

D. 副本內的特殊房間：
絕情谷 -
    不同於谷內其他地方開滿了情花和斷腸草，此處明顯經人
細心整理過，讓這裡成為一處寬敞的平臺，平臺上乾淨整潔且
不見一株雜草，旁邊還擺放著幾隻木椅，此刻椅上正坐著一位
身材矮小，卻留了一把極長鬍子的人。

絕情谷 - 谷主居處 -
    走過亂石堆疊花草叢生的絕情谷，進入了這間土磚小屋。
屋內整齊的擺放著幾座太師椅，牆上幾幅字畫點綴。屋內幾名
弟子正緊張的看著闖入此地的人，手中都握著武器準備隨時開
打。

E. 副本終點的房間：
出谷小道 - 
    雜亂的腳印、雨後的泥濘，一條略寬的小道出現在眼前，
小道兩旁的山壁高聳入天，常年遮蔽著陽光照射，讓這裡充斥
著一股陰寒的溫度。往回走，就是花草遍佈的山谷，鮮豔的花
色和青翠的青草構成一幅如詩的畫，與此地之景大不相同。


F. 離開副本的房間：
出谷小道 - 
    雜亂的腳印、雨後的泥濘，一條略寬的小道出現在眼前，
小道兩旁的山壁高聳入天，常年遮蔽著陽光照射，讓這裡充斥
著一股陰寒的溫度。往回走，就是花草遍佈的山谷，鮮豔的花
色和青翠的青草構成一幅如詩的畫，與此地之景大不相同。
                    
副本任務物品列表：無
副本故事劇情詳述：進入後清除所有蒙古密教金剛宗弟子和護法以及金輪法王。

本活動系統管理員擁有最終解釋權，並有權篩選適合或符合本活動的投稿。




[ 編號： 55 ] [ 作者：     慕容小樓(zstar) ] [ 時間：Tue Oct  4 ]
[ 標題：副本投稿-血戰聚賢莊                                     ]
—————————————[Content-]——————————————
副本中文名稱：血戰聚賢莊
副本英文名稱：juxianzhuang
副本任務簡述：聽聞閻王敵薛神醫突然大撒英雄帖，遍邀江湖同道商議如何討伐喬峰
      不好啦!喬峰帶著一名女子上聚賢莊踢館去啦!
副本非玩家生物列表：
喬峰(qiao feng)

阿朱(azhu)
  這是個身穿紅衣的女郎，大約十七八歲，一臉精靈頑皮的神氣。
  一張鵝蛋臉，眼珠靈動，別有一番動人風韻。

逍遙派函谷八友「閻王敵」薛慕華(xue muhua)
  他就是號稱閻王敵的神醫薛慕華，據說他
  精通醫理，可以起死回生

關西「快刀祁六」 祁老六(qi laoliu)
  關西聞名的好漢。以手中一把快刀成名。
湘東 八爺 向望海(xiang wanghai)
  此人仗義疏財，武功了得。
「沒本錢」 鮑千靈(bao qianling)
  此人劫富濟窮，頗有俠名。

遊氏雙雄 遊驥(you ji)
遊氏雙雄 遊駒(you ju)

「鐵面判官」單正(shan zheng)
   他體態魁梧，相貌威嚴，長的一副童顏鶴髮。
泰山五雄:
「泰山五雄」 單伯山(shan boshan)
  「鐵面判官」單正的長子。    
「泰山五雄」 單仲山(shan zhongshan)
  「鐵面判官」單正的次子。 
「泰山五雄」 單叔山(shan shushan) 
  「鐵面判官」單正的三子。 
「泰山五雄」 單季山(shan jishan)
  「鐵面判官」單正的四子。 
「泰山五雄」 單小山(shan xiaoshan)
  「鐵面判官」單正的麼子。

太行山沖霄洞 譚公(tan gong)
  這譚公身裁矮小，白髮如銀，滿臉皺紋。
太行山沖霄洞 譚婆(tan po)
  這譚婆牛高馬大，白髮如銀，滿臉皺紋。

「趙錢孫李，周吳鄭王」 趙錢孫(zhaoqiansun)
 此人說是年紀很老，似乎倒也不老，說他年紀輕，卻又全然不輕，總之是三十歲到六十歲之間，相貌說醜不醜，說俊不俊。

少林派第三十六代弟子「達摩院首座」 玄難(xuannan dashi)
  他是一位白鬚白眉的老僧，身穿一襲銀絲棕黃袈裟。他身材極瘦，
  兩手更像雞爪一樣。他雙目微閉，一副沒精打採的模樣。
少林派第三十六代弟子「戒律院首座」 玄寂(xuanji dashi)
  他是一位白鬚白眉的老僧，身穿一襲銀絲棕黃袈裟。他身材高大，
  兩手過膝。雙目半睜半閉，卻不時射出一縷精光。
丐幫:
丐幫耆宿 徐長老(xu zhanglao)
丐幫「傳功長老」 項長老(xiang zhanglao)
丐幫九袋長老「大義長老」白世鏡(bai shijing)
  這是一位鬚眉皆白的老丐，雙目間透出一絲寒
  氣。他就是丐幫的傳功長老白世鏡，所擅的纏
  絲擒拿手在武林中享名已久。

丐幫四老:
丐幫四老 宋長老(song zhanglao)
  宋長老乃丐幫元老，武功甚為了得。
丐幫四老 「大智長老」奚長老(xi zhanglao)
  奚長老乃丐幫元老，武功甚為了得。
丐幫四老 陳長老(chen zhanglao)  或 陳孤雁(chen guyan)
  陳長老乃丐幫元老，武功甚為了得。
丐幫四老 吳長老(wu zhanglao)或 吳長風(wu changfeng)
  吳長老乃丐幫元老，武功甚為了得。

「追魂杖」 譚青(tan qing)
  『追魂杖』段延慶的弟子。這人身穿青袍，臉色灰敗，頗有其師之風範。

四大惡人「窮兇極惡」 雲中鶴(yun zhonghe)
  此人長得又高又瘦像一杆大竹竿，說話聲音忽尖忽粗，十分難
  聽，穿著一身青衫，一副色迷迷模樣。

刀客, 劍客若干

「黑衣僧」蕭遠山(xiao yuanshan)
  他就是丐幫前任幫主蕭峰的父親，潛伏少林數十年了。
  他身穿一件普通的黑僧袍，腰間用一條麻繩隨便一系。
  他身高六尺有餘，體格十分魁梧，長有一張線條粗曠、十
  分男性化的臉龐，雙目如電，炯炯有神。

副本任務物品列表：無
副本故事劇情詳述：
  進入後, 正派npc非敵對狀態. 與喬峰護送阿朱至薛慕華處 (途中擊敗來鬧場的譚青和雲中鶴), 託付好阿朱後(阿朱退場), 觸發絕交酒場景。
  
  原文詳述:
    喬峰端起一碗酒來，說道："這裡眾家英雄，多有喬峰往日舊交，今日既有見疑之意，咱們乾杯絕交。哪一位朋友要殺喬某的，先來對飲一碗，
    從此而後，往日交情一筆勾銷。我殺你不是忘恩，你殺我不算負義。天下英雄，俱為證見。


  分歧點: 輪到向望海時, 喬峰出手.  在輪到向望海喝酒前, 選擇與喬峰喝結拜酒(friend)或斷交酒(foe)。  未做選擇則自動進入斷交酒路線。

  原文詳述:
    向望海走上前來，端起酒碗，說道："姓喬的，我來跟你喝一碗！"言語之中，頗為無禮。
    喬峰酒意上湧，斜眼瞧著他，說道："喬某和天下英雄喝這絕交酒，乃是將往日恩義一筆勾銷之意。憑你也配和我喝這絕交酒？你跟我有什麼交情？"
    說到這裡，更不讓他答話，跨上一步，右手探出，已抓住胸口，手臂振處，將他從廳門中摔將出去，砰的一聲，向望海重重撞在照壁之上，登時便暈了過去。
    這麼一來，大廳上登時大亂。喬峰躍入院子，大聲喝道："哪一個先來決一死戰！"

  
  <結拜酒路線>
   全場正派npc開始auto kill。  與喬峰一起殺出出口。  (蕭遠山不出現)

  <斷交酒路線>
   與群豪一起圍攻喬峰。
   喬峰hp 30%時出現蕭遠山助陣。


１≡——————————————————————————≡
２]■■■■■■■＼　　　　　　　　　　　／■■■■■■■[
３]■■■■■■■　＼　　　　　　　　　／　■■■■■■■[
４]■■■■■■■　 ｜ 　　　　　　 　｜ 　■■■■■■■[
５]■■■■■■■　 ｜ 　　　　　　 　｜ 　■■■■■■■[
６]■■■■■■■　 ｜ 　　　↑　　 　｜ 　■■■■■■■[
７]■■■■■■■　 ｜ 　　　　　　 　｜ 　■■■■■■■[
８]■■■■■■■　／　　　　　　　　　＼　■■■■■■■[
９]■■■■■■■／　　　　　　　　　　　＼■■■■■■■[
０≡——————————————————————————≡

１≡——————————————————————————≡
２]　　　　　／■＼　　　　　　　　　　　／■＼　　　　　[
３]　　　　／　■　＼　　　　　　　　　／　■　＼　　　　[
４]　　　／　　■　 ｜ 　　　　　　 　｜ 　■　　＼　　　[
５]　　 ｜ 　　■　 ｜ 　　　　　　 　｜ 　■　　 ｜　　 [
６]　　 ｜ 　　■　 ｜ 　　　↑　　 　｜ 　■　　 ｜　　 [
７]　　　＼　　■　 ｜ 　　　　　　 　｜ 　■　　／　　　[
８]　□　　＼　■　／　　　　　　　　　＼　■　／　□　　[
９]　　　　　＼■／　　　　□廿□　　　　＼■／　　　　　[
０≡——————————————————————————≡

１≡——————————————————————————≡
２]　　　　　／■＼　　　　　　　　　　　／■＼　　　　　[
３]　　　　／　■　＼　　　　　　　　　／　■　＼　　　　[
４]　　　／　　■　 ｜ 　　　　　　 　｜ 　■　　＼　　　[
５]　　 ｜ 　　■　 ｜ 　　　　　　 　｜ 　■　　 ｜　　 [
６]　　 ｜ 　　■　 ｜ 　　　↓　　 　｜ 　■　　 ｜　　 [
７]　　　＼　　■　 ｜ 　　　　　　 　｜ 　■　　／　　　[
８]　□　　＼　■　／　　　　　　　　　＼　■　／　□　　[
９]　　　　　＼■／　　　　□廿□　　　　＼■／　　　　　[
０≡——————————————————————————≡

１≡——————————————————————————≡
２]■■■■■■■　 ｜ 　　　　　　 　｜ 　■■■■■■■[
３]■■■■■■■　 ｜ 　　　　　　 　｜ 　■■■■■■■[
４]■■■■■■■　 ｜ 　　　　　　 　｜ 　■■■■■■■[
５]■■■■■■■　 ｜ 　　　↑　　 　｜ 　■■■■■■■[
６]■■■■■■■　／　　　　　　　　　＼　■■■■■■■[
７]■■■■■■■／　　　　　　　　　　　＼■■■■■■■[
８]　　　　　　　　　　　　　　　　　　　　　　　　　　　[
９]　　　　←　　　　　　　　　　　　　　　　　→　　　　[
０≡——————————————————————————≡

１≡——————————————————————————≡
２]■■■■■■■■■■■■■■■■■■■■■■■■■■■[
３]■■■■■■■■■■■■■■■■■■■■■■■■■■■[
４]■■■■■■■■■■■■■■■■■■■■■■■■■■■[
５]■■■■■■■■■■■■■■■■■■■■■■■■■■■[
６]■■■■■■■■■■■■■■■■■■■■■■■■■■■[
７]■■■■■■■■■■■■■■■■■■■■■■■■■■■[
８]　　　　　　　　　　　　　　　　　　　　　　　　　　　[
９]　　　　←　　　　　　　　　　　　　　　　　→　　　　[
０≡——————————————————————————≡

１≡——————————————————————————≡
２]■■■■■■■ 　　　　　　　　 ／　　　■■■■■■■[
３]■■■■■■■ 　　　　　　　　｜　 　　■■■■■■■[
４]■■■■■■■ 　　　　　　　　｜  　 　■■■■■■■[
５]■■■■■■■ 　　　　　　　　｜ 　  　■■■■■■■[
６]■■■■■■■　　　　　□　　　＼　　　■■■■■■■[
７]■■■■■■■　　　　　　　　　　＼　　■■■■■■■[
８]　　　　　　　　　　　　　　　　　　＼　■■■■■■■[
９]　　　　←　　　　　　　　　　　　　　＼■■■■■■■[
０≡——————————————————————————≡

１≡——————————————————————————≡
２]■■■■■■■ 　　 ＼ 　　　　 　　　　■■■■■■■[
３]■■■■■■■ 　　　｜　 　　　　　　　■■■■■■■[
４]■■■■■■■ 　　　｜　　　　　  　 　■■■■■■■[
５]■■■■■■■ 　　　｜ 　　　　　　  　■■■■■■■[
６]■■■■■■■　　　／　　□　　　　　　■■■■■■■[
７]■■■■■■■　　／　　　　　　　　　　■■■■■■■[
８]■■■■■■■　／　　　　　　　　　　　　　　　　　　[
９]■■■■■■■／　　　　　　　　　　　　　　→　　　　[
０≡——————————————————————————≡

１≡——————————————————————————≡
２]■■■■■■■＼　　　　　　　　　　　／■■■■■■■[
３]■■■■■■■　■■■■■■■■■■■　■■■■■■■[
４]■■■■■■■　■■■□－－－□■■■　■■■■■■■[
５]■■■■■■■　■■■｜　　　｜■■■　■■■■■■■[
６]■■■■■■■　■■■｜ο　　｜■■■　■■■■■■■[
７]■■■■■■■　■■■｜　　　｜■■■　■■■■■■■[
８]■■■■■■■　■■■｜　　　｜■■■　■■■■■■■[
９]■■■■■■■／　　　　　↑　　　　　＼■■■■■■■[
０≡——————————————————————————≡

１≡——————————————————————————≡
２]■■■■■■■＼　　　　　　　　　　　／■■■■■■■[
３]■■■■■■■　■■■■■■■■■■■　■■■■■■■[
４]■■■■■■■　■■■□－－－□■■■　■■■■■■■[
５]■■■■■■■　■■■｜　　　｜■■■　■■■■■■■[
６]■■■■■■■　■■■｜ο　　｜■■■　■■■■■■■[
７]■■■■■■■　■■■｜　　　｜■■■　■■■■■■■[
８]■■■■■■■　■■■｜　　　｜■■■　■■■■■■■[
９]■■■■■■■／　　　　　↓　　　　　＼■■■■■■■[
０≡——————————————————————————≡

——————————————————————————————
                        【圍攻光明頂】                       
——————————————————————————————

元朝末年，唐朝時波斯傳入中原的明教經過幾十年的耕耘終於崛起，
門下弟子數以千計。因明教在江湖上行事常與朝廷作對，更因為旗下
某些弟子濫用明教名號胡作非為，令江湖人士人人自危，最終明教被
奉為邪教。以少林，武當為首的六大派為免明教繼續禍害武林，決定
聯手圍攻光明頂，決於一舉殲滅明教！

專屬頻道：guanwar
指令格式：guanwar score | guanwar leave

參數：  score : 查看圍攻光明頂當前得分及當前任務狀態。
        leave : 離開圍攻光明頂戰役。

——————————————————————————————
                         【戰役說明】                        
——————————————————————————————

經驗值一百萬以上及有拜入師門的玩家均可參加圍攻光明頂戰役。

戰役共分四個階段：

第一階段六大派玩家需要保護六大派代表其中三位及六大門派防守線
的安全，並清除山下明教所有弟子(disciple)及首領或旗主(leader)
才能繼續第二階段。

注：第一階段需要擊敗 500 個明教弟子(disciple)才可開始攻
擊首領或旗主(leader)。

第二階段玩家需要協助六大派攻破明教三堂及五散人，在此階段仍需
保護六大派代表其中三位及六大門派防守線的安全。
        
第三階段玩家需要聯手擊敗明教教主張無忌及光明左右使，張無忌武
功高強，且深得大挪移真諦，需小心謹慎。在此階段仍需保護六大派
代表其中三位及六大門派防守線的安全。

第四階段玩家需要聯手擊敗走火入魔的明教教主張無忌，走火入魔的
張無忌武功爆增、威力強大，非武功高深且眾人齊心不可擊敗。

戰役結束或中途昏倒、死亡皆會立即以積分計算同等獎勵並傳送回揚
州中央廣場，且需待下次圍攻光明頂方可再進入戰場。

——————————————————————————————
                    【開啟圍攻光明頂步驟】                   
——————————————————————————————

六大派弟子（少林，武當，峨嵋，華山，崆峒，崑崙）： 

開啟戰役玩家:

六大派玩家可在本門師傅處詢問圍攻光明頂來開始戰役準備(例：華
山可向嶽不群(ask yue 圍攻光明頂)，玩家詢問本掌門後，需再到其
他五個掌門分別邀約圍攻光明頂(ask xxx 圍攻光明頂)。

當玩家完成邀約，光明頂戰役就會開始，發送邀請的玩家需自行前往
至崑崙山下進入戰場。

參戰玩家：

當出現圍攻光明頂的系統信息時，其他六大派玩家均可以到六大門派
掌門處 ask xxx 圍攻光明頂 來獲取參加戰役的資格。取得資格後，
可前往至崑崙山下進入戰場。

相關信息：六大派接領戰役的掌門分別為：

少林：玄慈大師
武當：張三豐
峨嵋：滅絕師太
華山：嶽不群
崆峒：木靈子
崑崙：何足道

明教弟子：(未開放)

當出現六大派圍攻光明頂的系統信息時候，明教弟子可以去張無忌處
(ask zhang 保護光明頂)來參加戰役。參加後直接進入戰場。
明教弟子可在明教本壇附近防守來攻者，或是下山去攻打六大派的各
代表及六大門派防守線，六大門派防守線及六大派各門派代表都擁有
相當高的血量，打破了六大門派防守線或者擊殺三個以上門派代表即
可直接贏得戰役。

注：其他派弟子只能幫助六大派圍攻光明頂，而不能幫助明教保護光
明頂。
【謠言四起】某俠客甲：聽說六大門派圍攻光明頂獲得了最終的勝利！
【謠言四起】某俠客甲：不知道是否有漏網之魚逃離，若是有，怕是又會掀起一波風浪。
————————————————————————————————————————┐

第一百四十二場圍攻光明頂概況：
開始時間：四千零五十二年冬二月二十七日九時
結束時間：四千零五十二年春三月五日十三時  共進行二十四分又二十八秒

十大高分：
          胡睡袋(sleepbag)                    0 分／總擊殺   0 位／頭領   0 位／
          劉昂星(liu)                         0 分／總擊殺   0 位／頭領   0 位／
          慕揚風(waterlin)                  631 分／總擊殺  29 位／頭領   5 位／
          擊殺記錄：天門教眾長、雷門教眾長、莊錚、殷野王、說不得
          熊仔(bearwhelp)                   844 分／總擊殺   7 位／頭領   3 位／
          擊殺記錄：辛然、胡青牛、韋一笑
          阿嘎(aga)                         844 分／總擊殺  15 位／頭領   4 位／
          擊殺記錄：李天垣、範遙、楊逍、殷天正
          馬皇天下(dapp)                    250 分／總擊殺 101 位／頭領   1 位／
          擊殺記錄：顏垣
          艾克斯(acs)                        60 分／總擊殺  60 位／頭領   0 位／
          易曉滄(cty)                        70 分／總擊殺  70 位／頭領   0 位／
          妙司(mother)                       73 分／總擊殺  73 位／頭領   0 位／
          靈遙(yao)                         320 分／總擊殺  62 位／頭領   2 位／
          擊殺記錄：地門教眾長、彭瑩玉
          段女兒(daughter)                 7600 分／總擊殺   2 位／頭領   2 位／
          擊殺記錄：張無忌、瘋狂張無忌
          歐陽痕(dreawn)                    433 分／總擊殺   8 位／頭領   3 位／
          擊殺記錄：張中、冷謙、周顛
          橫禍(leonhart)                     94 分／總擊殺  94 位／頭領   0 位／

————————————————————————————————————————┘




進入遊戲，取消決定天賦及性格等設置，直接進入揚州客棧
或者進入世家的概念？

在玩家進入20歲之前可以隨意設置，但是機會只有一次。





天賦技能？？？應該類似add_reward, add_weak之類的，攻擊類，防禦類，靈巧類，均衡類






要求：



1、三轉ID，SKILL>=5000（dodge,parry,force,一項空手或兵器技能，為裸技能，所有自制裝備兵器無法帶入），內力>=200w，精力>10w。

2、進入攻關模式後，無法吃藥補充氣血、內力、精力，寵物可以帶入（鼓勵培養寵物）。

3、提供統一兵器，裝備（一般攻擊防護效果，但無法損毀），攻關後收回。

4、斷線、被k，時間到達都算闖關失敗。



攻關模式：

1-5關（初級攻關模式），每關限時15分鐘，可選擇闖單關或連續闖關，連續闖關獎勵加大（中途無法補充氣血、內力等）。

6-10關（中級模式），每關限時15分鐘，可選擇闖單關或連續闖關，連續闖關獎勵加大（中途無法補充氣血、內力等）。

11-13（高級模式），每關限時20分鐘，只能連續闖關，中途無法補充氣血內力。

14-20（超級模式），每關限時30分鐘，可選擇闖單關或連續闖關，連續闖關獎勵加大（中途無法補充氣血、內力等）。

21-24（究極模式），每關限時45分鐘，只能闖單關。

25（通天關），不限時，以闖關者支撐時間長短為評價因素。



攻關細節：

1-5關，6*6迷宮，每關出場3個npc, 1關（4000-6000skill）,2關（5000-7000skill）,3關（6000-8000skill）,4關(7000-9000skill),5關(8000-10000skill)。每關3個npc為單獨出場,skill複製門派超級武功（combat），自動最強pfm。

6-10關，6*6迷宮，每關出場3個npc，6關（4000-6000skill）,7關（5000-7000skill）,8關（6000-8000skill）,9關(7000-9000skill),10關(8000-10000skill)。每關3個npc為群毆模式，skill複製門派超級武功（combat），自動最強pfm。

11-13關（需連續通3關），8*8迷宮，每關出場3個npc,等級均為10000skill，為主流門派的終極skill，如刀劍、九陽、凌波等等，會自動發最強pfm（不是轉世絕學）

14-20關 8*8迷宮，每關出場1個終極npc，等級10000-16000，為主流門派的終極skill，能自動發轉世絕學（pfm），手持遠古類兵器。由於npc具備虛弱、busy等攻擊效果，這幾關可以在迷宮內設置寶箱或持有寶物的npc（抗虛、busy等防護裝備），闖關者可以在迷宮內尋找這類物品或npc，取得裝備；但總體時間需要控制在30分鐘內。

21-24關，8*8迷宮，每關1個npc，遠古兵器，等級16000級，21關npc skill為霸刀，後面依次為天劍，輪迴劍，12T。自動發最強pfm。可以在迷宮內設置寶箱或持有寶物的npc（抗虛、busy等防護裝備），闖關者可以在迷宮內尋找這類物品或npc，取得裝備；但總體時間需要控制在30分鐘內。

25通天關，lonely你來守吧，怎麼虐自己考慮了，應該是目前無法通過的，可以設置一個評價公式，把闖關者支撐時間；打掉守關npc的氣血、精等考慮進去。[這關可考慮帶入自制裝備]









> help kongtong
——————————————————————————————
                       【崆峒派簡介】                       
——————————————————————————————

崆峒山位於甘肅西方，東瞰西安，西接蘭州，南鄰寶雞，北抵銀川，
是古絲綢之路西出關中之要塞。崆峒山集自然景觀和人文景觀於一身
，其間峰巒雄峙，危崖聳立，似鬼斧神工；林海浩瀚，煙籠霧鎖，如
縹緲仙境；高峽平湖，水天一色，有灕江神韻。素有「西來第一山」
、「西鎮奇觀」、「中國道教第一山」等美譽。

崆峒派的開山祖師為木靈子，其武功造詣深不可測，已經達到出神入
化的境界。對於木靈子的來歷眾說紛紜，較可信的說法為西夏王族血
親，俗名李靈。其後西夏王朝被蒙古所並，李靈因此出家，自封道號
木靈子。木靈子為人嫉惡如仇，年輕時就憑著獨步天下的七傷拳行俠
仗義，因此聲名大噪、俠名遠播。後來木靈子於崆峒山創立崆峒派，
崆峒派門規嚴明，門人鋤強幅弱、仗義而為，備受武林推崇。江湖上
將崆峒與少林、武當、峨嵋、華山、崑崙，並稱為『六大門派』。

崆峒派絕技「七傷拳」施展開來威勢顯赫，內醞七種迥異拳勁：剛猛
、陰柔、剛中有柔、柔中有剛、橫出、直送、內縮兼備。但此拳需以
陰陽及五行之氣推動，一練七傷，七者皆傷。此拳功每深一層，自身
內臟便多受一層損害，所謂七傷實則是先傷己再傷敵。

——————————————————————————————
                     【崆峒派人物簡介】                     
——————————————————————————————

崆峒派開山祖師：木靈子


崆峒派第三代弟子：

「崆峒五老老大」關能
「崆峒五老老二」宗維俠
「崆峒五老老三」唐文亮
「崆峒五老老四」常敬之


崆峒派第四代弟子：

山門道長


崆峒派第五代弟子

道童(不收徒)


——————————————————————————————
                     【崆峒派武功簡介】                     
——————————————————————————————

內功    基本內功
        特殊內功：崆峒心法
        特殊內功：七傷心法

輕功    基本輕功
        特殊輕功：崆峒身法
        
劍法    基本劍法
        特殊劍法：飛龍劍法
        特殊劍法：奪命劍法
        
拳腳    基本拳腳
        特殊拳腳：七傷拳

手法    基本手法
        特殊手法：飛鳳手

——————————————————————————————
                     【崆峒派武功招數】                     
——————————————————————————————

【七傷心法】

 提升戰力   exert powerup       將體內真氣佈滿全身，提升戰鬥
                                力。

 護體真氣   exert shield        以真氣運行全身，催生強勁護體
                                罩氣。

【飛龍劍法】                
 
 飛龍昇天   perform feilong     此招一經使出，聲勢浩大，變化
                                莫測，讓對手在震懾中中劍而渾
                                然不知。此招需向木靈子學習。
 
【奪命劍法】

 連環奪命劍 perform lian        搭配迅捷的身法，以迅雷不及掩
                                耳的速度劍出連環，一招快過一
                                招，接二連三給予對手重創。此
                                招需向木靈子學習。

 一劍奪命   perform yij         當達人劍合一之境方可運用此招
                                ，以返樸歸真的一劍籠罩敵手，
                                教對方避無可避，一劍中的。此
                                招需向木靈子學習。
 
【七傷拳】

 藏離訣     perform cangli      用內勁破對方的丹田之氣，中了
                                此招內力飛洩，令人魂飛魄散。

 摧肝腸訣   perform cuiganchang 重擊對方胸腹，可是被擊中後所
                                受並非僅僅皮肉之傷，最可怕的
                                是內勁滲透體內，催肝傷腸。

 精失訣     perform jingshi     破壞對方的精，令對手感到疲憊
                                ，精氣相比較，損精更為陰狠。

 傷肺訣     perform shangfei    此招直擊對手胸部，內勁直入肺
                                部，中者呼吸困難，真氣混濁難
                                以迅速替換，身法由此降低。

 損心訣     perform sunxin      擾亂對方的心神，令中者思維渙
                                散，無法專注於戰鬥，戰鬥力為
                                此大大下降。

 意恍惚訣   perform yihuanghu   這是一種高深的拳術，用夾雜了
                                渾厚真氣的拳風牽制對方心神，
                                令其神情恍惚，無暇反擊。

 七傷勁氣   perform qishang     七種效果迥異的勁氣融合在一起
                                ，同時注入對方體內，殺傷力自
                                然非同小可，此招需要高深的七
                                傷拳法才能發揮其潛力。

 傷字訣     perform shang       七傷拳以威力剛猛著稱，此招施
                                展之際將內勁運於雙拳攻出，重
                                創對手。此招需向木靈子學習。

 魂魄飛揚   perform fei         這本算是崆峒的密傳絕技，其後
                                遭謝遜強奪學得。謝遜在冰火島
                                曾以此招打在一棵巨樹上。樹木
                                外表完好無損，但是樹木內部經
                                脈已斷，一月之內，樹木漸漸枯
                                死。可見該招威力非常恐怖。運
                                用此招需要相當的內功根基和內
                                力修為。如何運用此招需向木靈
                                子學習。
                                
 七傷雙破擊 perform po          木靈子晚年所創的絕技，此招剛
                                柔並濟、陽盡陰生，教人防不勝
                                防。此招分為二擊，第一擊以陽
                                剛之勁牽制對手。而在擊中後對
                                手3至5回合內追擊，可併發以陰
                                柔之力催動的第二擊，破盡對方
                                護身罩氣，給予重創。此招需深
                                厚七傷心法修為方可施展。
                                
——————————————————————————————
                   【崆峒派特殊武器介紹】                   
——————————————————————————————

 崆峒神劍         成為木靈子入室弟子後，可從木靈子處獲得此劍
                  ，此劍昔年木靈子曾持之蕩妖除魔，掃盡群雄，
                  為崆峒派歷代掌門人的信物。

